// Jest Snapshot v1, https://goo.gl/fbAQLP

exports[`Status actions setSeriesQueueStatus 1`] = `
Object {
  "payload": Object {},
  "type": "@@MT/EVENTS-PRO/SET_SERIES_QUEUE_STATUS",
}
`;
