// Jest Snapshot v1, https://goo.gl/fbAQLP

exports[`AttributeSync should match snapshot 1`] = `null`;
